e3b0c44298fc1c149afbf4c8996fb92427ae41e4649b934ca495991b7852b855  plans/27_langgraph_curriculum_factory_remediation/controller/__init__.py
cb530b326bb68964976b5b074fefa43392af83bd5c3c6a76f744991d30b066ee  plans/27_langgraph_curriculum_factory_remediation/controller/check_forbidden_production_refs.py
e20a2d3e3524e82feda5f802cff9950354e6cffe58b7957e3a0fff6bf77f97a6  plans/27_langgraph_curriculum_factory_remediation/controller/contracts.py
6a8201ecd9cfbf9d0ddbbcc9ad0260132e175d89eea03721010b9d31a5ab7ec4  plans/27_langgraph_curriculum_factory_remediation/controller/core.py
05ebe7e49dc8a1575d250da890df4edda2b3a66fb08f83b495c261a19a13c383  plans/27_langgraph_curriculum_factory_remediation/controller/run27_controller.py
821b88eebccb536cea64d3d1ebbd2d195b092204a2dafc570e3e6080b097158e  plans/27_langgraph_curriculum_factory_remediation/controller/scheduler.py
b1b3f83a1d523951068a1d870d2fe677878991c73a5cd53d5ec937585c619d15  plans/27_langgraph_curriculum_factory_remediation/controller/verify_evidence_determinism.py
89a4162a3281a3f8f26527375a07adfa0c8abc44a2ec1cb5fe777714c9629330  plans/27_langgraph_curriculum_factory_remediation/controller/verify_ownership.py
b82e8455354e4e1a6e94e92e3de4ac5497cdfca2cc827433c6334e6260746e17  plans/27_langgraph_curriculum_factory_remediation/controller/verify_requirements_lineage.py
ffe8240de87752469d59c1069a46ed814e61e175f730867eb555c05136fe76f1  plans/27_langgraph_curriculum_factory_remediation/results/evidence/N00_SPEC_APPROVAL_GATE/01_v1_spec_hash.log
4f29f69407dceee63e3947594882fee06b7a428e94d258007ed2e3dba26477fc  plans/27_langgraph_curriculum_factory_remediation/results/evidence/N00_SPEC_APPROVAL_GATE/02_v2_spec_absent.log
9790f56eca3e759e7ee5ef34a5134f03e033e662c1d4f07d5c978ca226165eff  plans/27_langgraph_curriculum_factory_remediation/results/evidence/N00_SPEC_APPROVAL_GATE/03_correction_result_absent.log
971adfee7efb3c37952d1fee8feb8594a7dd12ea7878aefd77ff9ff0781d41d0  plans/27_langgraph_curriculum_factory_remediation/results/evidence/N00_SPEC_APPROVAL_GATE/04_spec_approval_contract_absent.log
23596fd14b4dbe15a3158c9ef8058af527323e6142c728436a44a5f0fc106874  plans/27_langgraph_curriculum_factory_remediation/results/evidence/N00_SPEC_APPROVAL_GATE/05_run27_scaffold_git_status.log
d2c53d98774fb4cc348db95fddb0379cf349b8163b38fcc2d95cb42ede07f9c8  plans/27_langgraph_curriculum_factory_remediation/results/evidence/N00_SPEC_APPROVAL_GATE/06_plan26_v1_artifacts_untouched.log
ffe8240de87752469d59c1069a46ed814e61e175f730867eb555c05136fe76f1  plans/27_langgraph_curriculum_factory_remediation/results/evidence/N00_SPEC_APPROVAL_GATE/07_rerun_v1_spec_hash.log
d424811aabc53706822e47e9cb6de69cc6990999f77b6dd134205a19b4032ac0  plans/27_langgraph_curriculum_factory_remediation/results/evidence/N00_SPEC_APPROVAL_GATE/08_rerun_v2_spec_absent.log
4b715f757a92601d0f0398015711627855d346557ce9b4ed1137966d1b42fe07  plans/27_langgraph_curriculum_factory_remediation/results/evidence/N00_SPEC_APPROVAL_GATE/09_rerun_spec_approval_contract_absent.log
df3d73f5e16ef9df9b8068d2a4a287871ebbf2e6945c98c384d17c2a20db013c  plans/27_langgraph_curriculum_factory_remediation/results/evidence/N00_SPEC_APPROVAL_GATE/10_v1_spec_hash.log
6621e36dfed3474b7cacfa3422bce2017c5445c7c6b501695015b2eaaa680b75  plans/27_langgraph_curriculum_factory_remediation/results/evidence/N00_SPEC_APPROVAL_GATE/11_v2_spec_present.log
f7a066175a9748a1393ea3cb87ec297b260c7ac3745bed1329d3e30a217256f3  plans/27_langgraph_curriculum_factory_remediation/results/evidence/N00_SPEC_APPROVAL_GATE/12_qa_witness.log
2a82127c613f72f93a7bcaecd29553fd138d728791b161164082c39ea3db2794  plans/27_langgraph_curriculum_factory_remediation/results/evidence/N00_SPEC_APPROVAL_GATE/13_approval_schema_valid.log
12f65d11162e895d3fa32a0e3f49d105fb8db322b3d99c3c7f3f03f8712d986d  plans/27_langgraph_curriculum_factory_remediation/results/evidence/N00_SPEC_APPROVAL_GATE/14_digest_equality.log
16fa7c90392b9c9cf17f3f9bd6be2c791b2e5c0ef1f8a50b2282a967ca1b7155  plans/27_langgraph_curriculum_factory_remediation/results/evidence/N00_SPEC_APPROVAL_GATE/15_approved_for.log
1d03c331aa1a1352c9d0863189b559ec02e77fffb7c041fa4ed276ce4b649170  plans/27_langgraph_curriculum_factory_remediation/results/evidence/N00_SPEC_APPROVAL_GATE/16_user_decision_required_enum.log
c78637b3ccfb9846e56f4fe55aa9123795d4f904b826965cf8bf25c88b80bb88  plans/27_langgraph_curriculum_factory_remediation/results/evidence/N00_SPEC_APPROVAL_GATE/17_git_status.log
e152e2afea5b574af1d14db7ac23faaba669142f187afded5d97eba818bedb98  plans/27_langgraph_curriculum_factory_remediation/results/evidence/N00_SPEC_APPROVAL_GATE/18_v1_last_commit.log
3de14ae1835f5d435c98a5ea51381b1ccfa066bb73d7e2d6e9d33abbd87d1112  plans/27_langgraph_curriculum_factory_remediation/schemas/attempt_record.schema.v1.json
5ae553f83a685847542afebe084e5e7581dbb1057607f8dc5cb9208eb1f1cc18  plans/27_langgraph_curriculum_factory_remediation/schemas/node_result.schema.v1.json
c27d6cd1a6f31323d0344486019cf7c628e9a071e651ebeda81b192a29a60b64  plans/27_langgraph_curriculum_factory_remediation/schemas/scheduler_receipt.schema.v1.json
829943e745cf6eb550e6319f42df4086f187a08d373f7e08f9fddf822d9fde36  plans/27_langgraph_curriculum_factory_remediation/schemas/spec_approval.schema.v1.json
be50925aa5508310a505c438f979597402e006ef3e03746ad186b2451c045e4c  plans/27_langgraph_curriculum_factory_remediation/tests/test_forbidden_production_scan.py
b435f7b296a7742b288fb449c4e63fe916330310748428fd1f68904a65af7adf  plans/27_langgraph_curriculum_factory_remediation/tests/test_node_result_protocol.py
6415996b3719baa7118a75f0a1e666dfcf01ef3c12d6db25d45c4eb618c0a479  plans/27_langgraph_curriculum_factory_remediation/tests/test_run27_controller.py
9f534ba3597d331c6ba6c64551004bf01044fb221298aaccd914d476cdf396d0  plans/27_langgraph_curriculum_factory_remediation/tools/validate_plan.py
0beef6ed7c5f7bbba3adf50818c53d86dd5cff1f5cefd2abbd8c629a8f229cec  plans/27_langgraph_curriculum_factory_remediation/tools/validate_result.py
492a63814949d1cf3579a12cecfc7df33deadac9250099b4b63d322ef2b59120  plans/27_langgraph_curriculum_factory_remediation/results/N00_SPEC_APPROVAL_GATE.result.v1.json
ec414fa4f2464e3aaa6f51e142fe2b21b81c321e6d6f06834294a97360417244  plans/27_langgraph_curriculum_factory_remediation/implementation.graph.v1.yaml
--- git status, excluding this node own in-flight evidence and result ---
 M plans/27_langgraph_curriculum_factory_remediation/results/N00_SPEC_APPROVAL_GATE.result.v1.json
?? plans/27_langgraph_curriculum_factory_remediation/contracts/spec_approval.v1.yaml
?? plans/27_langgraph_curriculum_factory_remediation/controller/
?? plans/27_langgraph_curriculum_factory_remediation/results/evidence/N00_SPEC_APPROVAL_GATE/10_v1_spec_hash.log
?? plans/27_langgraph_curriculum_factory_remediation/results/evidence/N00_SPEC_APPROVAL_GATE/11_v2_spec_present.log
?? plans/27_langgraph_curriculum_factory_remediation/results/evidence/N00_SPEC_APPROVAL_GATE/12_qa_witness.log
?? plans/27_langgraph_curriculum_factory_remediation/results/evidence/N00_SPEC_APPROVAL_GATE/13_approval_schema_valid.log
?? plans/27_langgraph_curriculum_factory_remediation/results/evidence/N00_SPEC_APPROVAL_GATE/14_digest_equality.log
?? plans/27_langgraph_curriculum_factory_remediation/results/evidence/N00_SPEC_APPROVAL_GATE/15_approved_for.log
?? plans/27_langgraph_curriculum_factory_remediation/results/evidence/N00_SPEC_APPROVAL_GATE/16_user_decision_required_enum.log
?? plans/27_langgraph_curriculum_factory_remediation/results/evidence/N00_SPEC_APPROVAL_GATE/17_git_status.log
?? plans/27_langgraph_curriculum_factory_remediation/results/evidence/N00_SPEC_APPROVAL_GATE/18_v1_last_commit.log
?? plans/27_langgraph_curriculum_factory_remediation/schemas/attempt_record.schema.v1.json
?? plans/27_langgraph_curriculum_factory_remediation/schemas/scheduler_receipt.schema.v1.json
?? plans/27_langgraph_curriculum_factory_remediation/tests/
